%!Adobe-FontList 1.10

%BeginFont
Handler:DirectoryHandler
FontType:Invalid
OutlineFileName:C:\users\alexku\My Documents\projects\dev-alexku\PSD\Font\._cgb.woff
FileModTime:1382344819
%EndFont

%BeginFont
Handler:DirectoryHandler
FontType:Invalid
OutlineFileName:C:\users\alexku\My Documents\projects\dev-alexku\PSD\Font\cgb.ttf
FileModTime:1381506100
%EndFont

%BeginFont
Handler:DirectoryHandler
FontType:Invalid
OutlineFileName:C:\users\alexku\My Documents\projects\dev-alexku\PSD\Font\cg.woff
FileModTime:1381506056
%EndFont

%BeginFont
Handler:DirectoryHandler
FontType:Invalid
OutlineFileName:C:\users\alexku\My Documents\projects\dev-alexku\PSD\Font\cgb.woff
FileModTime:1381506098
%EndFont

%BeginFont
Handler:DirectoryHandler
FontType:Invalid
OutlineFileName:C:\users\alexku\My Documents\projects\dev-alexku\PSD\Font\._cgb.ttf
FileModTime:1382344819
%EndFont

%BeginFont
Handler:DirectoryHandler
FontType:Invalid
OutlineFileName:C:\users\alexku\My Documents\projects\dev-alexku\PSD\Font\._cgb.eot
FileModTime:1382344819
%EndFont

%BeginFont
Handler:DirectoryHandler
FontType:Invalid
OutlineFileName:C:\users\alexku\My Documents\projects\dev-alexku\PSD\Font\._cg.eot
FileModTime:1382344819
%EndFont

%BeginFont
Handler:DirectoryHandler
FontType:Invalid
OutlineFileName:C:\users\alexku\My Documents\projects\dev-alexku\PSD\Font\._cgb.svg
FileModTime:1382344819
%EndFont

%BeginFont
Handler:DirectoryHandler
FontType:Invalid
OutlineFileName:C:\users\alexku\My Documents\projects\dev-alexku\PSD\Font\cg.eot
FileModTime:1381506058
%EndFont

%BeginFont
Handler:DirectoryHandler
FontType:Invalid
OutlineFileName:C:\users\alexku\My Documents\projects\dev-alexku\PSD\Font\._cg.svg
FileModTime:1382344819
%EndFont

%BeginFont
Handler:DirectoryHandler
FontType:Invalid
OutlineFileName:C:\users\alexku\My Documents\projects\dev-alexku\PSD\Font\._cg.woff
FileModTime:1382344819
%EndFont

%BeginFont
Handler:DirectoryHandler
FontType:Invalid
OutlineFileName:C:\users\alexku\My Documents\projects\dev-alexku\PSD\Font\cg.svg
FileModTime:1381506056
%EndFont

%BeginFont
Handler:DirectoryHandler
FontType:Invalid
OutlineFileName:C:\users\alexku\My Documents\projects\dev-alexku\PSD\Font\cg.ttf
FileModTime:1381506058
%EndFont

%BeginFont
Handler:DirectoryHandler
FontType:Invalid
OutlineFileName:C:\users\alexku\My Documents\projects\dev-alexku\PSD\Font\cgb.eot
FileModTime:1381506098
%EndFont

%BeginFont
Handler:DirectoryHandler
FontType:Invalid
OutlineFileName:C:\users\alexku\My Documents\projects\dev-alexku\PSD\Font\cgb.svg
FileModTime:1381506098
%EndFont

